37.5118
Blackmane
Ariel
Cambria
Blytheheart
Midpoint
